// Jest Snapshot v1, https://goo.gl/fbAQLP

exports[`Widget component matches snapshot 1`] = `
<DocumentFragment>
  <div
    class="widget "
  >
    <div
      class="widget__title"
    >
      <div
        class="widget__sub-title"
      />
      <span />
    </div>
    <div
      class="widget__content"
    />
  </div>
</DocumentFragment>
`;
