// Jest Snapshot v1, https://goo.gl/fbAQLP

exports[`NotAllowedPage component matches snapshot 1`] = `
<DocumentFragment>
  <div
    class="error-page"
  >
    <div
      class="error-page__title"
    >
      <span
        class="error-page__error-code"
      >
        403
      </span>
      Доступ на эту страницу запрещен
    </div>
    <div
      class="error-page__description"
    >
      Вы не имеете доступа к этой странице.
      <br />
      <br />
      Если это ошибка, и запрашиваемая страница должна быть доступна для просмотра - напишите об этом в 
      <a
        class="error-page__link"
        href="/feedback"
      >
        обратной связи
      </a>
    </div>
    <a
      class="error-page__button"
      href="/"
    >
      На главную
    </a>
  </div>
</DocumentFragment>
`;
