// Jest Snapshot v1, https://goo.gl/fbAQLP

exports[`Button component matches snapshot 1`] = `
<DocumentFragment>
  <button
    class="button  "
    type="button"
  >
    <span
      class="button__text "
    >
      Нажмите
    </span>
  </button>
</DocumentFragment>
`;
