// Jest Snapshot v1, https://goo.gl/fbAQLP

exports[`CheckBox component matches snapshot 1`] = `
<DocumentFragment>
  <div
    class="checkbox"
  >
    <label
      class="checkbox__container"
    >
      <input
        name=""
        type="checkbox"
        value=""
      />
      <div
        class="checkbox__checkmark"
      />
      <span
        class="checkbox__text"
      />
    </label>
  </div>
</DocumentFragment>
`;
