// Jest Snapshot v1, https://goo.gl/fbAQLP

exports[`ErrorBoundary component matches snapshot 1`] = `
<DocumentFragment>
  <div>
    123
  </div>
</DocumentFragment>
`;
